{"timestamp":1761926651267,"from":"120363422720936105@g.us","sender":"78529702158422@lid","pushName":"X","displayName":"X","text":".ai allo","messageType":"conversation","messageId":"AC5FB4C87C5DCE77E82FBFE8491638AB"}
{"timestamp":1761926655917,"from":"120363422720936105@g.us","sender":"120363422720936105@g.us","pushName":null,"displayName":"120363422720936105","text":"🧠 Erwin-Bot réfléchit...","messageType":"extendedTextMessage","messageId":"3EB0278F953B7AFC523093"}
{"timestamp":1761926659620,"from":"120363422720936105@g.us","sender":"120363422720936105@g.us","pushName":null,"displayName":"120363422720936105","text":"✨ *Réponse de Erwin-Bot :*\n\nBonjour ! Comment puis-je vous aider ?","messageType":"extendedTextMessage","messageId":"3EB0B81BB494AF12936632"}
{"timestamp":1761926671482,"from":"120363422720936105@g.us","sender":"78529702158422@lid","pushName":"X","displayName":"X","text":".ai qui es tu?","messageType":"conversation","messageId":"AC7594AA5FF7967F0DDF9BD82605F027"}
{"timestamp":1761926676071,"from":"120363422720936105@g.us","sender":"120363422720936105@g.us","pushName":null,"displayName":"120363422720936105","text":"🧠 Erwin-Bot réfléchit...","messageType":"extendedTextMessage","messageId":"3EB099E3CD179C9CDF3F77"}
{"timestamp":1761926688122,"from":"120363422720936105@g.us","sender":"22519117541569@lid","pushName":"Jude","displayName":"Jude","text":"Maf","messageType":"extendedTextMessage","messageId":"2A34256F2CBD41E70B43"}
{"timestamp":1761926689664,"from":"120363422720936105@g.us","sender":"120363422720936105@g.us","pushName":null,"displayName":"120363422720936105","text":"✨ *Réponse de Erwin-Bot :*\n\nJe suis un grand modèle linguistique, entraîné par Google.\n\nJe n'ai pas de nom personnel, de conscience, de sentiments, d'opinions personnelles ou de corps physique. Mon but est de vous aider en répondant à vos questions, en générant du texte, en fournissant des informations, en traduisant des langues, en résumant des documents, et bien plus encore.\n\nEn bref, je suis un outil conçu pour traiter et générer du langage humain afin de vous assister dans diverses tâches.","messageType":"extendedTextMessage","messageId":"3EB076E0EBC9471AC3B881"}
{"timestamp":1761926692766,"from":"120363422720936105@g.us","sender":"78529702158422@lid","pushName":"X","displayName":"X","text":"Bon je go offline ss occupé","messageType":"conversation","messageId":"AC9DC5842E53FCA7DA2011CF1A401141"}
{"timestamp":1761926703591,"from":"120363422720936105@g.us","sender":"165644708393086@lid","pushName":"joyceigor2","displayName":"joyceigor2","text":"C'est qui ça !?","messageType":"senderKeyDistributionMessage","messageId":"A59418A295792D7F3FD67CDA7CD1E0E6"}
{"timestamp":1761926706174,"from":"120363422720936105@g.us","sender":"22519117541569@lid","pushName":"Jude","displayName":"Jude","text":"Maf encore","messageType":"extendedTextMessage","messageId":"2AEC7F549F8299287F68"}
{"timestamp":1761926707920,"from":"120363422720936105@g.us","sender":"78529702158422@lid","pushName":"X","displayName":"X","text":"Ne me faites pas ban","messageType":"conversation","messageId":"AC40A05F1AB743E6FC6189320FF164BD"}
{"timestamp":1761926716966,"from":"120363422720936105@g.us","sender":"78529702158422@lid","pushName":"X","displayName":"X","text":"Rien grand boss","messageType":"extendedTextMessage","messageId":"ACC1FF317CCBBF45B314833C766BE6A2"}
{"timestamp":1761926718987,"from":"120363422720936105@g.us","sender":"22519117541569@lid","pushName":"Jude","displayName":"Jude","text":"Joyce","messageType":"extendedTextMessage","messageId":"2A52C954627CB4BF04EB"}
{"timestamp":1761926726674,"from":"120363422720936105@g.us","sender":"78529702158422@lid","pushName":"X","displayName":"X","text":"Ne le signale pas pakdon","messageType":"extendedTextMessage","messageId":"ACF9BB080C6F3D6F050BDFF503042A2D"}
{"timestamp":1761926737552,"from":"120363422720936105@g.us","sender":"22519117541569@lid","pushName":"Jude","displayName":"Jude","text":".tag joyceigor2","messageType":"conversation","messageId":"2AF5AB2F51D5F0F1BEC2"}
{"timestamp":1761926741983,"from":"120363422720936105@g.us","sender":"120363422720936105@g.us","pushName":null,"displayName":"120363422720936105","text":"❌ Commande inconnue. Tape .menu pour voir la liste.","messageType":"extendedTextMessage","messageId":"3EB0F9227D1C5851C2C82A"}
{"timestamp":1761926758491,"from":"120363422720936105@g.us","sender":"22519117541569@lid","pushName":"Jude","displayName":"Jude","text":"Pourquoi !?","messageType":"extendedTextMessage","messageId":"2A67DE2FD1E6E3096D06"}
{"timestamp":1761926785294,"from":"120363422720936105@g.us","sender":"78529702158422@lid","pushName":"X","displayName":"X","text":"C un projet que je teste","messageType":"extendedTextMessage","messageId":"AC45C0D14086ADF6713F6032FDB8D0DA"}
{"timestamp":1761926789994,"from":"120363422720936105@g.us","sender":"78529702158422@lid","pushName":"X","displayName":"X","text":".info","messageType":"conversation","messageId":"AC6F5E54B88DF1E30D009209BCE01FB9"}
{"timestamp":1761926792698,"from":"120363422720936105@g.us","sender":"78529702158422@lid","pushName":"X","displayName":"X","text":"Regarde","messageType":"conversation","messageId":"AC32B77AACBBCCEE7F195496EBA0B2D7"}
{"timestamp":1761926795761,"from":"120363422720936105@g.us","sender":"120363422720936105@g.us","pushName":null,"displayName":"120363422720936105","text":"*🤖 Erwin-Bot — v1.0.0*\n────────────────────────────\n👤 Créateur : 237674151474\n🧰 Node.js : v24.9.0\n🖥️ Système : Linux x64\n⚙️ CPU : Intel(R) Core(TM) i7-3740QM CPU @ 2.70GHz (8 cores)\n⏱️ Uptime (système) : 3h 19m 20s\n⏱️ Uptime (process) : 2m 28s\n📦 Cmds disponibles : 74\n🧠 Mémoire RSS : 203.49 MB — Heap: 51.35 MB / 57.57 MB\n🔗 Réseaux du créateur :\n   • GitHub: https://github.com/erwin-cyberdev\n   • LinkedIn: https://www.linkedin.com/in/manuel-erwin-fudjing-94a68338b\n   • Instagram: https://www.instagram.com/erwinmanuel48/\n   • WhatsApp: https://wa.me/237674151474\n────────────────────────────\n• Besoin d'aide ? Tape .menu","messageType":"extendedTextMessage","messageId":"3EB0094D88245F41BBD19B"}
{"timestamp":1761926814291,"from":"120363422720936105@g.us","sender":"22519117541569@lid","pushName":"Jude","displayName":"Jude","text":"Oui","messageType":"extendedTextMessage","messageId":"2ADC42DE08E40DD6F975"}
{"timestamp":1761926852636,"from":"120363422720936105@g.us","sender":"165644708393086@lid","pushName":"joyceigor2","displayName":"joyceigor2","text":"Acer hein qui peut me mettre le Windows 11pro ici jo'o","messageType":"conversation","messageId":"A5E82BCABFD2FFC0CC0FBF3DC9C3EA51"}
{"timestamp":1761926866606,"from":"120363422720936105@g.us","sender":"22519117541569@lid","pushName":"Jude","displayName":"Jude","text":"😂","messageType":"conversation","messageId":"2A0993A101CCC6E9AAA7"}
{"timestamp":1761926879018,"from":"120363422720936105@g.us","sender":"165644708393086@lid","pushName":"joyceigor2","displayName":"joyceigor2","text":"Et pourquoi est ce vous me taguez","messageType":"extendedTextMessage","messageId":"A5E7CD42BE57154990D49CB7CE8510F4"}
{"timestamp":1761926879075,"from":"120363422720936105@g.us","sender":"78529702158422@lid","pushName":"X","displayName":"X","text":"","messageType":"audioMessage","messageId":"AC5D18A1291EFFE18A2F35A0C0E725CA"}
{"timestamp":1761926906924,"from":"120363422720936105@g.us","sender":"165644708393086@lid","pushName":"joyceigor2","displayName":"joyceigor2","text":"Oui c'est pourquoi","messageType":"extendedTextMessage","messageId":"A52219EC5C7AF6E563627690E5B9FB9A"}
{"timestamp":1761926918476,"from":"120363422720936105@g.us","sender":"158304156282972@lid","pushName":"52🎭","displayName":"52🎭","text":"","messageType":"senderKeyDistributionMessage","messageId":"3EB09D25EB55C1BFDCB359"}
{"timestamp":1761926939431,"from":"120363422720936105@g.us","sender":"165644708393086@lid","pushName":"joyceigor2","displayName":"joyceigor2","text":"Professionnel","messageType":"extendedTextMessage","messageId":"A5CE2127B9A56B90ED102EAB9C570856"}
{"timestamp":1761927016142,"from":"120363422720936105@g.us","sender":"22519117541569@lid","pushName":"Jude","displayName":"Jude","text":"Je Wanda","messageType":"extendedTextMessage","messageId":"2A0383AC697791E21E31"}
{"timestamp":1761927119619,"from":"120363422720936105@g.us","sender":"165644708393086@lid","pushName":"joyceigor2","displayName":"joyceigor2","text":"Vous avez les problèmes hein","messageType":"extendedTextMessage","messageId":"A564F10F70A51BAAE4D14EC4125DC907"}
{"timestamp":1761927138009,"from":"120363422720936105@g.us","sender":"78529702158422@lid","pushName":"X","displayName":"X","text":"C juste l'effet d'une commande","messageType":"extendedTextMessage","messageId":"ACCD67825EF22BE863358D5D3C4F6ACC"}
{"timestamp":1761927149756,"from":"120363422720936105@g.us","sender":"22519117541569@lid","pushName":"Jude","displayName":"Jude","text":"Je te dis \n\n\nC’est le nâme des go","messageType":"extendedTextMessage","messageId":"2A763EBBAD5AD2731C7A"}
{"timestamp":1761927152136,"from":"120363422720936105@g.us","sender":"22519117541569@lid","pushName":"Jude","displayName":"Jude","text":"…","messageType":"conversation","messageId":"2A7F65772EF0DA5400BA"}
{"timestamp":1761927155179,"from":"120363422720936105@g.us","sender":"78529702158422@lid","pushName":"X","displayName":"X","text":"Je peux t'avoir ça d'ici 1 Sem","messageType":"extendedTextMessage","messageId":"ACA27B1B9DDD92046D32572C433035CD"}
{"timestamp":1761927169462,"from":"120363422720936105@g.us","sender":"78529702158422@lid","pushName":"X","displayName":"X","text":"","messageType":"reactionMessage","messageId":"AC2CD050779DC1C889B5BA1753A67F31"}
{"timestamp":1761927193655,"from":"120363422720936105@g.us","sender":"165644708393086@lid","pushName":"joyceigor2","displayName":"joyceigor2","text":"Tu es à ngoa !?","messageType":"extendedTextMessage","messageId":"A5651F77B2FD970E4D5322804C8ADA6D"}
{"timestamp":1761927198993,"from":"120363422720936105@g.us","sender":"78529702158422@lid","pushName":"X","displayName":"X","text":"Hes","messageType":"extendedTextMessage","messageId":"ACA4F184AB68B39F177AC35BD8215F93"}
{"timestamp":1761927200452,"from":"120363422720936105@g.us","sender":"78529702158422@lid","pushName":"X","displayName":"X","text":"Yes","messageType":"conversation","messageId":"AC3B6D35CB466A9905DF7D500FAE2257"}
{"timestamp":1761927210346,"from":"120363422720936105@g.us","sender":"78529702158422@lid","pushName":"X","displayName":"X","text":"On va causer le soir ss occupé","messageType":"conversation","messageId":"AC19823C103C95357CFECCA194C1CE5D"}
{"timestamp":1761927213409,"from":"120363422720936105@g.us","sender":"78529702158422@lid","pushName":"X","displayName":"X","text":"À toute","messageType":"conversation","messageId":"AC265CAED595A1828D02D92584503D5E"}
{"timestamp":1761927228406,"from":"120363422720936105@g.us","sender":"165644708393086@lid","pushName":"joyceigor2","displayName":"joyceigor2","text":"OK","messageType":"extendedTextMessage","messageId":"A5233102E7BD99F1A760422F59309474"}
{"timestamp":1761927272715,"from":"120363422720936105@g.us","sender":"165644708393086@lid","pushName":"joyceigor2","displayName":"joyceigor2","text":"Tu m'écris ib Parce que je n'entre pas trop dans se groupe","messageType":"conversation","messageId":"A5C2DD99052FCA8EC5AD157DB776F674"}
{"timestamp":1761927783457,"from":"120363422720936105@g.us","sender":"51458607157255@lid","pushName":"Saha Tchinda","displayName":"Saha Tchinda","text":".advice","messageType":"senderKeyDistributionMessage","messageId":"A51EF5092C1687B578EED8BB99EB9B23"}
{"timestamp":1761927787429,"from":"120363422720936105@g.us","sender":"120363422720936105@g.us","pushName":null,"displayName":"120363422720936105","text":"⏳ Génération d'un conseil...","messageType":"extendedTextMessage","messageId":"3EB0DD97BC532B3080AA6F"}
{"timestamp":1761927794211,"from":"120363422720936105@g.us","sender":"120363422720936105@g.us","pushName":null,"displayName":"120363422720936105","text":"╭────────────────────────╮\n│  💡 *CONSEIL DU JOUR*  │\n╰────────────────────────╯\n\n✨ *Conseil :*\n\"Certaines personnes s’en sortiraient mieux si elles suivaient leurs propres conseils.\"\n\n━━━━━━━━━━━━━━━━━━━━\n💡 Sagesse quotidienne","messageType":"extendedTextMessage","messageId":"3EB0AC120717225FF65C5B"}
{"timestamp":1761928157038,"from":"237679137132:2@s.whatsapp.net","sender":"237679137132:2@s.whatsapp.net","pushName":null,"displayName":"237679137132:2","text":"🤖 autoping heartbeat","messageType":"extendedTextMessage","messageId":"3EB0A0249FD86B1999DF90"}
{"timestamp":1761929102902,"from":"120363422720936105@g.us","sender":"244337048862729@lid","pushName":"Divane Tchoudieu","displayName":"Divane Tchoudieu","text":"What happ?","messageType":"senderKeyDistributionMessage","messageId":"A51E45A07093B8F869E457A15D4D8DCB"}
{"timestamp":1761929657221,"from":"237679137132:2@s.whatsapp.net","sender":"237679137132:2@s.whatsapp.net","pushName":null,"displayName":"237679137132:2","text":"🤖 autoping heartbeat","messageType":"extendedTextMessage","messageId":"3EB0A1495DB857EF24B738"}
{"timestamp":1761931446119,"from":"237679137132:2@s.whatsapp.net","sender":"237679137132:2@s.whatsapp.net","pushName":null,"displayName":"237679137132:2","text":"🤖 autoping heartbeat","messageType":"extendedTextMessage","messageId":"3EB0B096E54537BC3E67B9"}
{"timestamp":1761931740991,"from":"120363422720936105@g.us","sender":"158575225782303@lid","pushName":"Abun","displayName":"Abun","text":"please what is your problem guy😅😅","messageType":"senderKeyDistributionMessage","messageId":"AC9ABDB7842A2F3E0E384155311DF3E2"}
{"timestamp":1761932754884,"from":"237679137132:2@s.whatsapp.net","sender":"237679137132:2@s.whatsapp.net","pushName":null,"displayName":"237679137132:2","text":"🤖 autoping heartbeat","messageType":"extendedTextMessage","messageId":"3EB0914BCC92DEDEAFE00E"}
{"timestamp":1761933588292,"from":"120363422720936105@g.us","sender":"29167827607667@lid","pushName":"~~~","displayName":"~~~","text":"Je wanda","messageType":"senderKeyDistributionMessage","messageId":"AC317AFB0C4A10BEBAC3C8B169D5C5F5"}
{"timestamp":1761933611259,"from":"120363422720936105@g.us","sender":"270514908041259@lid","pushName":"Que du Sale😉","displayName":"Que du Sale😉","text":"🤔🤔🤔","messageType":"senderKeyDistributionMessage","messageId":"BEA86D414CE75104C05060625854A4FF"}
{"timestamp":1761934205277,"from":"237679137132:2@s.whatsapp.net","sender":"237679137132:2@s.whatsapp.net","pushName":null,"displayName":"237679137132:2","text":"🤖 autoping heartbeat","messageType":"extendedTextMessage","messageId":"3EB05917E4BEC698D78C22"}
{"timestamp":1761934748349,"from":"120363422720936105@g.us","sender":"117154410168534@lid","pushName":"I'm Thomas 💥🫶","displayName":"I'm Thomas 💥🫶","text":"Yo la team","messageType":"senderKeyDistributionMessage","messageId":"BD6DF71C1ECC07AE6BAA5111AB32413F"}
{"timestamp":1761935344646,"from":"120363422720936105@g.us","sender":"110827923308763@lid","pushName":"Blanco📿","displayName":"Blanco📿","text":"Rr que les boys ici","messageType":"senderKeyDistributionMessage","messageId":"ACA5183EDD4ADB4D959C64CD06169A7C"}
{"timestamp":1761935588402,"from":"120363422720936105@g.us","sender":"117154410168534@lid","pushName":"I'm Thomas 💥🫶","displayName":"I'm Thomas 💥🫶","text":"Je wanda seulement","messageType":"extendedTextMessage","messageId":"AD929B655AC435DF29C9C48D2AC99107"}
{"timestamp":1761935591165,"from":"120363422720936105@g.us","sender":"270514908041259@lid","pushName":"Que du Sale😉","displayName":"Que du Sale😉","text":"Yes on dit quoi","messageType":"extendedTextMessage","messageId":"AF2AF364DAC01D9D18B5847B01BA40E4"}
{"timestamp":1761935595953,"from":"120363422720936105@g.us","sender":"91857002491905@lid","pushName":"Faith","displayName":"Faith","text":"Se pour quoi","messageType":"senderKeyDistributionMessage","messageId":"A5C1E403EA2C8A79D4982C7E546D0171"}
{"timestamp":1761935644691,"from":"120363422720936105@g.us","sender":"91857002491905@lid","pushName":"Faith","displayName":"Faith","text":"","messageType":"protocolMessage","messageId":"A5A057A714EC02E64A3828F955453DBB"}
{"timestamp":1761935647706,"from":"237679137132:2@s.whatsapp.net","sender":"237679137132:2@s.whatsapp.net","pushName":null,"displayName":"237679137132:2","text":"🤖 autoping heartbeat","messageType":"extendedTextMessage","messageId":"3EB0725F3AD382EE12B9AC"}
{"timestamp":1761935704076,"from":"120363422720936105@g.us","sender":"91857002491905@lid","pushName":"Faith","displayName":"Faith","text":"","messageType":"protocolMessage","messageId":"A523D09BC8E91D44809D882B6FDCC911"}
{"timestamp":1761936297399,"from":"120363424781455117@g.us","sender":"161220808204296@lid","pushName":"R.root","displayName":"R.root","text":".kickall","messageType":"senderKeyDistributionMessage","messageId":"3EB06A7D6C8534F845CCCE"}
{"timestamp":1761936302708,"from":"120363424781455117@g.us","sender":"120363424781455117@g.us","pushName":null,"displayName":"120363424781455117","text":"❌ Commande inconnue. Tape .menu pour voir la liste.","messageType":"extendedTextMessage","messageId":"3EB03307E2544871E54482"}
{"timestamp":1761936611352,"from":"120363424781455117@g.us","sender":"161220808204296@lid","pushName":"R.root","displayName":"R.root","text":".menu","messageType":"extendedTextMessage","messageId":"3EB0038A962A57D56266A7"}
{"timestamp":1761936622454,"from":"120363424781455117@g.us","sender":"120363424781455117@g.us","pushName":null,"displayName":"120363424781455117","text":"","messageType":"imageMessage","messageId":"3EB07C6D1ADC4408F2359F"}
{"timestamp":1761936683586,"from":"237658022831@s.whatsapp.net","sender":"237658022831@s.whatsapp.net","pushName":"~Tĩnä sp 🇨🇲","displayName":"~Tĩnä sp 🇨🇲","text":"H","messageType":"extendedTextMessage","messageId":"AC425865445AAB4B6BE5B7C26ED62032"}
{"timestamp":1761936689901,"from":"237658022831@s.whatsapp.net","sender":"237658022831@s.whatsapp.net","pushName":"~Tĩnä sp 🇨🇲","displayName":"~Tĩnä sp 🇨🇲","text":".menu","messageType":"conversation","messageId":"AC6857A09E9B0A91081DBAA1F96CA0DF"}
{"timestamp":1761936701265,"from":"237658022831@s.whatsapp.net","sender":"237658022831@s.whatsapp.net","pushName":null,"displayName":"237658022831","text":"","messageType":"imageMessage","messageId":"3EB0768F6F04F86D8518D1"}
{"timestamp":1761936731911,"from":"237658022831@s.whatsapp.net","sender":"237658022831@s.whatsapp.net","pushName":"~Tĩnä sp 🇨🇲","displayName":"~Tĩnä sp 🇨🇲","text":".pp","messageType":"conversation","messageId":"AC7567CDB554DA154E369F67EF77C67C"}
{"timestamp":1761936738385,"from":"237658022831@s.whatsapp.net","sender":"237658022831@s.whatsapp.net","pushName":null,"displayName":"237658022831","text":"❗ Impossible de récupérer la photo de profil (compte privé ou erreur).","messageType":"extendedTextMessage","messageId":"3EB0CF25C6DB7FDF5E7EB3"}
{"timestamp":1761936753563,"from":"237658022831@s.whatsapp.net","sender":"237658022831@s.whatsapp.net","pushName":"~Tĩnä sp 🇨🇲","displayName":"~Tĩnä sp 🇨🇲","text":"","messageType":"messageContextInfo","messageId":"AC32655999773B03811DCED99F11E33E"}
{"timestamp":1761936850557,"from":"120363422720936105@g.us","sender":"264209862549640@lid","pushName":"stein","displayName":"stein","text":"J'ai énuméré plus de 10 filles dans le groupe entc","messageType":"senderKeyDistributionMessage","messageId":"AC6B3380F25478EB4527153E3167F941"}
{"timestamp":1761936894593,"from":"120363422720936105@g.us","sender":"117154410168534@lid","pushName":"I'm Thomas 💥🫶","displayName":"I'm Thomas 💥🫶","text":"Posé frère et toi ?","messageType":"extendedTextMessage","messageId":"74AC171B840A07F6BB7C9343B025809C"}
{"timestamp":1761936905321,"from":"120363422720936105@g.us","sender":"117154410168534@lid","pushName":"I'm Thomas 💥🫶","displayName":"I'm Thomas 💥🫶","text":"Elles sont seulement où ?","messageType":"extendedTextMessage","messageId":"349D8AFFB36D2A534C27A128A8F5B7A4"}
{"timestamp":1761936929126,"from":"120363422720936105@g.us","sender":"264209862549640@lid","pushName":"stein","displayName":"stein","text":"La mais elles interagissent très peu","messageType":"extendedTextMessage","messageId":"AC656B7EFA2A6524DD0836575CFA33DE"}
{"timestamp":1761936943160,"from":"120363422720936105@g.us","sender":"161220808204296@lid","pushName":"R.root","displayName":"R.root","text":".promote @78529702158422","messageType":"senderKeyDistributionMessage","messageId":"3EB021476D230DF1684493"}
{"timestamp":1761936949692,"from":"120363422720936105@g.us","sender":"120363422720936105@g.us","pushName":null,"displayName":"120363422720936105","text":"⚠️ Erreur: forbidden","messageType":"extendedTextMessage","messageId":"3EB0AE0E707D4A59A3B11F"}
{"timestamp":1761937180988,"from":"237679137132:2@s.whatsapp.net","sender":"237679137132:2@s.whatsapp.net","pushName":null,"displayName":"237679137132:2","text":"🤖 autoping heartbeat","messageType":"extendedTextMessage","messageId":"3EB037C064762297A0E4CD"}
{"timestamp":1761937253874,"from":"120363422720936105@g.us","sender":"270514908041259@lid","pushName":"Que du Sale😉","displayName":"Que du Sale😉","text":"Tranquille","messageType":"extendedTextMessage","messageId":"40F087F57BE869B8549F37A539244F8A"}
{"timestamp":1761937425459,"from":"237679137132@s.whatsapp.net","sender":"237679137132@s.whatsapp.net","displayName":"237679137132","text":"","messageType":"protocolMessage","messageId":"A570D32D0740490296260156D59C3503"}
{"timestamp":1761937457287,"from":"120363422720936105@g.us","sender":"3887499059438@lid","pushName":"Taliq","displayName":"Taliq","text":"","messageType":"senderKeyDistributionMessage","messageId":"A5F0DB635AACFEC3A6F2803641B7DF7D"}
{"timestamp":1761937933660,"from":"120363422720936105@g.us","sender":"78529702158422@lid","pushName":"X","displayName":"X","text":"","messageType":"reactionMessage","messageId":"AC451C7A9FF1BD7DEE8D1BDF4B2E22EC"}
{"timestamp":1761938217554,"from":"120363424781455117@g.us","sender":"78529702158422@lid","pushName":"X","displayName":"X","text":".unmute","messageType":"senderKeyDistributionMessage","messageId":"AC0A54A8B51389A6FF2C152C1A2B0B44"}
{"timestamp":1761938221788,"from":"120363424781455117@g.us","sender":"120363424781455117@g.us","pushName":null,"displayName":"120363424781455117","text":"🔊 Groupe réactivé (tout le monde peut écrire).","messageType":"extendedTextMessage","messageId":"3EB0AF49C81AE5D948E518"}
{"timestamp":1761938279528,"from":"120363424781455117@g.us","sender":"161220808204296@lid","pushName":"R.root","displayName":"R.root","text":".dice","messageType":"extendedTextMessage","messageId":"3EB00D54261C874DF45842"}
{"timestamp":1761938284439,"from":"120363424781455117@g.us","sender":"120363424781455117@g.us","pushName":null,"displayName":"120363424781455117","text":"🎲 Tu as obtenu : 5","messageType":"extendedTextMessage","messageId":"3EB0D8E1ED506C97360691"}
{"timestamp":1761938300648,"from":"120363424781455117@g.us","sender":"161220808204296@lid","pushName":"R.root","displayName":"R.root","text":".ex","messageType":"extendedTextMessage","messageId":"3EB0722CFB0C6C0DE0CD16"}
{"timestamp":1761938303994,"from":"120363424781455117@g.us","sender":"120363424781455117@g.us","pushName":null,"displayName":"120363424781455117","text":"❌ Commande inconnue. Tape .menu pour voir la liste.","messageType":"extendedTextMessage","messageId":"3EB081FD79A035643E57A8"}
{"timestamp":1761938368682,"from":"120363422720936105@g.us","sender":"161220808204296@lid","pushName":"R.root","displayName":"R.root","text":".tagall","messageType":"conversation","messageId":"3EB01E90F7BAAA80531B92"}
{"timestamp":1761938376174,"from":"120363422720936105@g.us","sender":"120363422720936105@g.us","pushName":null,"displayName":"120363422720936105","text":"@92157666939060\n @154709654548703\n @1864418492448\n @161220808204296\n @67066518347847\n @4093707841578\n @3363529875520\n @78529702158422\n @257947766632665\n @192599637946467\n @49332548067565\n @29167827607667\n @106726397354150\n @225426240721075\n @72654270808129\n @258905645011032\n @5592735305960\n @201052250980378\n @24142648717467\n @1499564400768\n @165678933901474\n @3887499059438\n @171988341534844\n @144727513010427\n @44835515928715\n @101529352724530\n @57978099109962\n @69561844015197\n @261822011703316\n @91857002491905\n @225739823702055\n @213980068991190\n @123562501382190\n @212833346269232\n @142163937616121\n @270514908041259\n @158304156282972\n @271283304529999\n @85320213258453\n @252931144159243\n @30722555408612\n @39626022584424\n @51458607157255\n @264209862549640\n @75677961347295\n @155649732276329\n @102160729637002\n @250865332039895\n @236752119824566\n @202370973716662\n @84907862814911\n @143641439936539\n @218029904392243\n @158575225782303\n @100734649557060\n @165644708393086\n @117154410168534\n @124932545638644\n @136953974517863\n @154236889337884\n @254906980126916\n @147949392781565\n @263015744180463\n @75523308966087\n @244337048862729\n @20556233621726\n @55564545605810\n @22987134787767\n @171795034447890\n @260498960416972\n @22519117541569\n @169200874221615\n @221380280868998\n @42550861770975\n @86895996452905\n @91010977767515\n @110827923308763\n @235747097501888\n @56633908547643\n @8440097333476\n","messageType":"extendedTextMessage","messageId":"3EB02FD42DDEAA0633A42F"}
{"timestamp":1761938396517,"from":"120363422720936105@g.us","sender":"158304156282972@lid","pushName":"52🎭","displayName":"52🎭","text":"","messageType":"stickerMessage","messageId":"3EB05F2D2AA176EE5DA8A6"}
{"timestamp":1761938413049,"from":"120363422720936105@g.us","sender":"244337048862729@lid","pushName":"Divane Tchoudieu","displayName":"Divane Tchoudieu","text":"Yes","messageType":"extendedTextMessage","messageId":"A59E24940C6E9EB854D61505D913C127"}
{"timestamp":1761938415380,"from":"120363422720936105@g.us","sender":"136953974517863@lid","pushName":"anos voldigoad","displayName":"anos voldigoad","text":"Se message ne peut être envoyé \nMaître à jour votre système","messageType":"senderKeyDistributionMessage","messageId":"A54439F01460CA1FA67B8925114C5937"}
{"timestamp":1761938425424,"from":"120363422720936105@g.us","sender":"165644708393086@lid","pushName":"joyceigor2","displayName":"joyceigor2","text":"Tu vas mal mourir toi si 😡😡😡😡","messageType":"extendedTextMessage","messageId":"A5455098B1BBA0CF8D11F9906E007DBD"}
{"timestamp":1761938433365,"from":"120363422720936105@g.us","sender":"24142648717467@lid","pushName":"Emmanuel","displayName":"Emmanuel","text":"🤧🤨","messageType":"senderKeyDistributionMessage","messageId":"AC32FFBEBEA6F493B14F16CEAC3AB54E"}
{"timestamp":1761938434464,"from":"120363422720936105@g.us","sender":"161220808204296@lid","pushName":"R.root","displayName":"R.root","text":"tu vas rien faire","messageType":"extendedTextMessage","messageId":"3EB0720888417D40555F5A"}
{"timestamp":1761938447597,"from":"120363422720936105@g.us","sender":"158304156282972@lid","pushName":"52🎭","displayName":"52🎭","text":"Même ton systeme là n'est pas à jour","messageType":"extendedTextMessage","messageId":"3EB0AECE0BB2A170EEFF12"}
{"timestamp":1761938458750,"from":"120363422720936105@g.us","sender":"158304156282972@lid","pushName":"52🎭","displayName":"52🎭","text":"Je vais commencer par toi","messageType":"extendedTextMessage","messageId":"3EB02E9A34FE540C6A5FED"}
{"timestamp":1761938476917,"from":"120363422720936105@g.us","sender":"165644708393086@lid","pushName":"joyceigor2","displayName":"joyceigor2","text":"","messageType":"stickerMessage","messageId":"A5460D1691AECDEE8EBFD08F7E049B6E"}
{"timestamp":1761938478365,"from":"120363422720936105@g.us","sender":"165644708393086@lid","pushName":"joyceigor2","displayName":"joyceigor2","text":"","messageType":"stickerMessage","messageId":"A5C245178D1F93711258785AEB4A193B"}
{"timestamp":1761938486367,"from":"120363422720936105@g.us","sender":"213980068991190@lid","pushName":"𝕄𝕣. ℙ𝕒𝕣𝕗𝕒𝕚𝕥 🫩","displayName":"𝕄𝕣. ℙ𝕒𝕣𝕗𝕒𝕚𝕥 🫩","text":"","messageType":"senderKeyDistributionMessage","messageId":"3EB0F08808DC9CED0F1163"}
{"timestamp":1761938519389,"from":"120363422720936105@g.us","sender":"158304156282972@lid","pushName":"52🎭","displayName":"52🎭","text":"Pae façon ça dit *Maître là*","messageType":"extendedTextMessage","messageId":"3EB02544AFCC7951CC6E82"}
{"timestamp":1761938537470,"from":"120363422720936105@g.us","sender":"213980068991190@lid","pushName":"𝕄𝕣. ℙ𝕒𝕣𝕗𝕒𝕚𝕥 🫩","displayName":"𝕄𝕣. ℙ𝕒𝕣𝕗𝕒𝕚𝕥 🫩","text":".help","messageType":"conversation","messageId":"3EB0E56403D860995FFB65"}
{"timestamp":1761938542951,"from":"120363422720936105@g.us","sender":"120363422720936105@g.us","pushName":null,"displayName":"120363422720936105","text":"❌ Commande inconnue. Tape .menu pour voir la liste.","messageType":"extendedTextMessage","messageId":"3EB0FB6A7B1D0F75357E1A"}
{"timestamp":1761938545262,"from":"120363422720936105@g.us","sender":"161220808204296@lid","pushName":"R.root","displayName":"R.root","text":"Le \"maitre\" la mon combat","messageType":"senderKeyDistributionMessage","messageId":"3EB0586648D0484670E619"}
{"timestamp":1761938555128,"from":"120363422720936105@g.us","sender":"213980068991190@lid","pushName":"𝕄𝕣. ℙ𝕒𝕣𝕗𝕒𝕚𝕥 🫩","displayName":"𝕄𝕣. ℙ𝕒𝕣𝕗𝕒𝕚𝕥 🫩","text":".about","messageType":"conversation","messageId":"3EB06D90311961BADFC64D"}
{"timestamp":1761938561424,"from":"120363422720936105@g.us","sender":"120363422720936105@g.us","pushName":null,"displayName":"120363422720936105","text":"❌ Commande inconnue. Tape .menu pour voir la liste.","messageType":"extendedTextMessage","messageId":"3EB0BD3F0F571F5114008E"}
{"timestamp":1761938565879,"from":"120363422720936105@g.us","sender":"213980068991190@lid","pushName":"𝕄𝕣. ℙ𝕒𝕣𝕗𝕒𝕚𝕥 🫩","displayName":"𝕄𝕣. ℙ𝕒𝕣𝕗𝕒𝕚𝕥 🫩","text":".menu","messageType":"conversation","messageId":"3EB0F702D5C53BC75B3ABB"}
{"timestamp":1761938583298,"from":"120363422720936105@g.us","sender":"120363422720936105@g.us","pushName":null,"displayName":"120363422720936105","text":"","messageType":"imageMessage","messageId":"3EB0306CBCE7C9D85ADF7B"}
{"timestamp":1761938587666,"from":"120363422720936105@g.us","sender":"161220808204296@lid","pushName":"R.root","displayName":"R.root","text":"","messageType":"senderKeyDistributionMessage","messageId":"3EB0202505B7B773E9A75D"}
{"timestamp":1761938603359,"from":"120363422720936105@g.us","sender":"213980068991190@lid","pushName":"𝕄𝕣. ℙ𝕒𝕣𝕗𝕒𝕚𝕥 🫩","displayName":"𝕄𝕣. ℙ𝕒𝕣𝕗𝕒𝕚𝕥 🫩","text":".animequote","messageType":"senderKeyDistributionMessage","messageId":"3EB0C326AE02DBC5C3D7F4"}
{"timestamp":1761938608961,"from":"120363422720936105@g.us","sender":"120363422720936105@g.us","pushName":null,"displayName":"120363422720936105","text":"💬 Recherche d'une citation inspirante...","messageType":"extendedTextMessage","messageId":"3EB04014705D4733F0CD89"}
{"timestamp":1761938612063,"from":"120363422720936105@g.us","sender":"120363422720936105@g.us","pushName":null,"displayName":"120363422720936105","text":"╭──────────────────────╮\n               │ 💬 *ANIME QUOTE* 💬  │\n               ╰──────────────────────╯\n\n\"Ce n'est pas parce que tu es correct que les autres sont dans l'erreur.\"\n\n━━━━━━━━━━━━━━━━━━━━\n👤 *Personnage:* Askeladd\n🎬 *Anime:* Vinland Saga\n\n━━━━━━━━━━━━━━━━━━━━\n✨ Phrase inspirante du jour!","messageType":"extendedTextMessage","messageId":"3EB0B34792D2C160E2E03C"}
{"timestamp":1761938614370,"from":"120363422720936105@g.us","sender":"158304156282972@lid","pushName":"52🎭","displayName":"52🎭","text":"","messageType":"senderKeyDistributionMessage","messageId":"3EB06EBFB71BBCD3E1F3C1"}
{"timestamp":1761938649171,"from":"237679137132:2@s.whatsapp.net","sender":"237679137132:2@s.whatsapp.net","pushName":null,"displayName":"237679137132:2","text":"🤖 autoping heartbeat","messageType":"extendedTextMessage","messageId":"3EB094A0D3B3502D52FE99"}
{"timestamp":1761938658361,"from":"120363422720936105@g.us","sender":"213980068991190@lid","pushName":"𝕄𝕣. ℙ𝕒𝕣𝕗𝕒𝕚𝕥 🫩","displayName":"𝕄𝕣. ℙ𝕒𝕣𝕗𝕒𝕚𝕥 🫩","text":".anime redo of healer","messageType":"conversation","messageId":"3EB072641DB842B12DE8E9"}
{"timestamp":1761938670299,"from":"120363422720936105@g.us","sender":"120363422720936105@g.us","pushName":null,"displayName":"120363422720936105","text":"❌ Impossible de récupérer les informations sur l'anime.\nMotif : Error","messageType":"extendedTextMessage","messageId":"3EB0319F18000B357517E6"}
{"timestamp":1761938684357,"from":"120363422720936105@g.us","sender":"213980068991190@lid","pushName":"𝕄𝕣. ℙ𝕒𝕣𝕗𝕒𝕚𝕥 🫩","displayName":"𝕄𝕣. ℙ𝕒𝕣𝕗𝕒𝕚𝕥 🫩","text":".anime bible black","messageType":"conversation","messageId":"3EB095FA25C829BCBAC254"}
{"timestamp":1761938692369,"from":"120363422720936105@g.us","sender":"120363422720936105@g.us","pushName":null,"displayName":"120363422720936105","text":"❌ Impossible de récupérer les informations sur l'anime.\nMotif : Error","messageType":"extendedTextMessage","messageId":"3EB0B40F2E2E5CFBCBBD4E"}
{"timestamp":1761938692532,"from":"120363422720936105@g.us","sender":"161220808204296@lid","pushName":"R.root","displayName":"R.root","text":"J'ai hurlé","messageType":"extendedTextMessage","messageId":"3EB08F73B5DD7E3E905EB6"}
{"timestamp":1761938703467,"from":"120363422720936105@g.us","sender":"213980068991190@lid","pushName":"𝕄𝕣. ℙ𝕒𝕣𝕗𝕒𝕚𝕥 🫩","displayName":"𝕄𝕣. ℙ𝕒𝕣𝕗𝕒𝕚𝕥 🫩","text":".anime Gachiakuta","messageType":"conversation","messageId":"3EB03849F8EE03A05B3626"}
{"timestamp":1761938711415,"from":"120363422720936105@g.us","sender":"120363422720936105@g.us","pushName":null,"displayName":"120363422720936105","text":"❌ Impossible de récupérer les informations sur l'anime.\nMotif : Error","messageType":"extendedTextMessage","messageId":"3EB0F7C118DCF2F8FE0AFE"}
{"timestamp":1761938723534,"from":"120363422720936105@g.us","sender":"213980068991190@lid","pushName":"𝕄𝕣. ℙ𝕒𝕣𝕗𝕒𝕚𝕥 🫩","displayName":"𝕄𝕣. ℙ𝕒𝕣𝕗𝕒𝕚𝕥 🫩","text":"@78529702158422","messageType":"extendedTextMessage","messageId":"3EB0E2BCF42914466E4EBF"}
{"timestamp":1761938737324,"from":"120363422720936105@g.us","sender":"213980068991190@lid","pushName":"𝕄𝕣. ℙ𝕒𝕣𝕗𝕒𝕚𝕥 🫩","displayName":"𝕄𝕣. ℙ𝕒𝕣𝕗𝕒𝕚𝕥 🫩","text":".advice","messageType":"conversation","messageId":"3EB097D7595108B959A940"}
{"timestamp":1761938742702,"from":"120363422720936105@g.us","sender":"120363422720936105@g.us","pushName":null,"displayName":"120363422720936105","text":"⏳ Génération d'un conseil...","messageType":"extendedTextMessage","messageId":"3EB0ABE778C3F48A30F8B1"}
{"timestamp":1761938748294,"from":"120363422720936105@g.us","sender":"120363422720936105@g.us","pushName":null,"displayName":"120363422720936105","text":"╭────────────────────────╮\n│  💡 *CONSEIL DU JOUR*  │\n╰────────────────────────╯\n\n✨ *Conseil :*\n\"Le bonheur est un voyage, pas une destination.\"\n\n━━━━━━━━━━━━━━━━━━━━\n💡 Sagesse quotidienne","messageType":"extendedTextMessage","messageId":"3EB03AA0E37FAF719C2E44"}
{"timestamp":1761938787408,"from":"120363422720936105@g.us","sender":"213980068991190@lid","pushName":"𝕄𝕣. ℙ𝕒𝕣𝕗𝕒𝕚𝕥 🫩","displayName":"𝕄𝕣. ℙ𝕒𝕣𝕗𝕒𝕚𝕥 🫩","text":".animeseason","messageType":"conversation","messageId":"3EB05FAD0484717BAAAECE"}
{"timestamp":1761938791327,"from":"120363422720936105@g.us","sender":"120363422720936105@g.us","pushName":null,"displayName":"120363422720936105","text":"📺 Recherche des animes de la saison...","messageType":"extendedTextMessage","messageId":"3EB026A0441DACA8B1FCF8"}
{"timestamp":1761938796305,"from":"120363422720936105@g.us","sender":"120363422720936105@g.us","pushName":null,"displayName":"120363422720936105","text":"❌ *Impossible de récupérer les animes de la saison*\n\nRaisons possibles:\n• API temporairement indisponible\n• Limite de requêtes atteinte\n• Problème de connexion\n\n💡 Réessaie dans quelques instants\n\nErreur: Error","messageType":"extendedTextMessage","messageId":"3EB0BA5E75644DB621D312"}
{"timestamp":1761938807374,"from":"120363422720936105@g.us","sender":"158304156282972@lid","pushName":"52🎭","displayName":"52🎭","text":"","messageType":"reactionMessage","messageId":"3EB074D8B8607D986B463D"}
{"timestamp":1761938828366,"from":"120363422720936105@g.us","sender":"213980068991190@lid","pushName":"𝕄𝕣. ℙ𝕒𝕣𝕗𝕒𝕚𝕥 🫩","displayName":"𝕄𝕣. ℙ𝕒𝕣𝕗𝕒𝕚𝕥 🫩","text":".autoping","messageType":"conversation","messageId":"3EB048CBF26AAE13640617"}
{"timestamp":1761938834407,"from":"120363422720936105@g.us","sender":"120363422720936105@g.us","pushName":null,"displayName":"120363422720936105","text":"⛔ Cette commande est réservée au propriétaire du bot.","messageType":"extendedTextMessage","messageId":"3EB0195E49C3F19F86DA7B"}
{"timestamp":1761938859757,"from":"120363422720936105@g.us","sender":"213980068991190@lid","pushName":"𝕄𝕣. ℙ𝕒𝕣𝕗𝕒𝕚𝕥 🫩","displayName":"𝕄𝕣. ℙ𝕒𝕣𝕗𝕒𝕚𝕥 🫩","text":".crypto grass","messageType":"conversation","messageId":"3EB0546B582EE3B193DB3B"}
{"timestamp":1761938865838,"from":"120363422720936105@g.us","sender":"120363422720936105@g.us","pushName":null,"displayName":"120363422720936105","text":"⏳ Récupération des prix...","messageType":"extendedTextMessage","messageId":"3EB005AE37E1436720B5A4"}
{"timestamp":1761938868955,"from":"120363422720936105@g.us","sender":"120363422720936105@g.us","pushName":null,"displayName":"120363422720936105","text":"╭─────────────────────╮\n│  💰 *CRYPTO PRICE*  │\n╰─────────────────────╯\n\n🪙 *Coin :* Grass\n\n💵 *Prix USD :* $0.33\n💶 *Prix EUR :* €0,28\n\n📈 *Variation 24h :* 1.52%\n📊 *Market Cap :* $0.15B\n\n━━━━━━━━━━━━━━━━━━━━\n💰 Prix en temps réel","messageType":"extendedTextMessage","messageId":"3EB06A9E8899FDA3958B17"}
{"timestamp":1761938903510,"from":"120363422720936105@g.us","sender":"213980068991190@lid","pushName":"𝕄𝕣. ℙ𝕒𝕣𝕗𝕒𝕚𝕥 🫩","displayName":"𝕄𝕣. ℙ𝕒𝕣𝕗𝕒𝕚𝕥 🫩","text":".define Erwin","messageType":"conversation","messageId":"3EB01533DEB3FB9C2CBCCD"}
{"timestamp":1761938907306,"from":"120363422720936105@g.us","sender":"120363422720936105@g.us","pushName":null,"displayName":"120363422720936105","text":"⏳ Recherche dans le dictionnaire...","messageType":"extendedTextMessage","messageId":"3EB094A127F9E0105748F1"}
{"timestamp":1761938914370,"from":"120363422720936105@g.us","sender":"120363422720936105@g.us","pushName":null,"displayName":"120363422720936105","text":"❗ Aucune définition trouvée pour \"Erwin\".","messageType":"extendedTextMessage","messageId":"3EB0C7D4EB378A18E6E1B5"}
{"timestamp":1761938923433,"from":"120363424781455117@g.us","sender":"78529702158422@lid","pushName":"X","displayName":"X","text":"Kick all","messageType":"senderKeyDistributionMessage","messageId":"AC59D13FADBD626B45093C5558457FF5"}
{"timestamp":1761938923458,"from":"120363422720936105@g.us","sender":"213980068991190@lid","pushName":"𝕄𝕣. ℙ𝕒𝕣𝕗𝕒𝕚𝕥 🫩","displayName":"𝕄𝕣. ℙ𝕒𝕣𝕗𝕒𝕚𝕥 🫩","text":".define cum","messageType":"conversation","messageId":"3EB0BF8C5BD864CBA9F5BC"}
{"timestamp":1761938929482,"from":"120363422720936105@g.us","sender":"120363422720936105@g.us","pushName":null,"displayName":"120363422720936105","text":"⏳ Recherche dans le dictionnaire...","messageType":"extendedTextMessage","messageId":"3EB072DA5C574874DA1063"}
{"timestamp":1761938932304,"from":"120363422720936105@g.us","sender":"120363422720936105@g.us","pushName":null,"displayName":"120363422720936105","text":"❗ Aucune définition trouvée pour \"cum\".","messageType":"extendedTextMessage","messageId":"3EB0A2661A12B07477D74F"}
